// Jest Snapshot v1, https://goo.gl/fbAQLP

exports[`Multiline Stories primaryshould match snapshot 1`] = `
<body>
  <div>
    <td
      class="px-6 py-4"
    >
      <span
        class="text-sm leading-5 text-gray-900"
      >
        Title
      </span>
      <p
        class="text-sm leading-5 text-gray-500"
      >
        Content
      </p>
    </td>
  </div>
</body>
`;
