// Jest Snapshot v1, https://goo.gl/fbAQLP

exports[`Source renders correctly 1`] = `
<body>
  <div>
    <div>
      <div
        class="flex flex-wrap py-8 md:flex-no-wrap"
      >
        <div
          class="flex flex-col flex-shrink-0 pr-2 mb-6 md:w-64 md:mb-0"
        >
          <span
            class="font-medium tracking-widest text-gray-900"
          >
            Kenneth R. French
          </span>
          <span
            class="mt-1 text-sm text-gray-600"
          >
            06.08.2020
          </span>
        </div>
        <div
          class="space-y-4 md:flex-grow"
        >
          <h2
            class="text-2xl text-gray-900"
          >
            Kenneth French's Data library
          </h2>
          <p
            class="text-gray-700"
          >
            We have permission to distribute his library blabla, maybe something like this?
          </p>
          <div
            class="flex items-center space-x-4"
          >
            <a
              class="text-xs text-gray-900 focus:outline-none hover:text-research-600"
              href="http://mba.tuck.dartmouth.edu/pages/faculty/ken.french/data_library.html"
              target="blank"
            >
              Go to source
            </a>
            <button
              class="text-xs text-gray-900 focus:outline-none hover:text-research-600"
            >
              Citation
            </button>
          </div>
        </div>
      </div>
    </div>
  </div>
</body>
`;
