// Jest Snapshot v1, https://goo.gl/fbAQLP

exports[` Mobile should render successfully 1`] = `
<body>
  <div>
    <div>
      <button
        aria-label="open menu"
        class="p-2 text-gray-700 hover:text-gray-900 focus:outline-none"
        data-testid="toggle"
      >
        <svg
          class="w-6 h-6"
          fill="none"
          stroke="currentColor"
          viewBox="0 0 24 24"
        >
          <path
            d="M4 6h16M4 12h16M4 18h16"
            stroke-linecap="round"
            stroke-linejoin="round"
            stroke-width="2"
          />
        </svg>
      </button>
    </div>
  </div>
</body>
`;
