// Jest Snapshot v1, https://goo.gl/fbAQLP

exports[`Profile should render successfully 1`] = `
<body>
  <div>
    <div
      class="w-1/4"
    >
      <div
        class="flex flex-col items-center justify-center text-sm "
      >
        <img
          alt="Nicolas Webersinke"
          class="rounded-full"
          src="/img/nico.jpeg"
        />
        <span
          class="mt-4 font-semibold text-gray-900"
        >
          Nicolas Webersinke
        </span>
        <span
          class="text-gray-600"
        >
          Product lead
        </span>
      </div>
    </div>
  </div>
</body>
`;
