// Jest Snapshot v1, https://goo.gl/fbAQLP

exports[`Section without domain renders correctly 1`] = `
<section
  className="bg-white"
  id="hello"
>
  <div>
    <div
      className="container px-4 py-10 mx-auto md:py-12 lg:py-16 xl:py-20 xl:px-0"
    >
      <span>
        Hello World
      </span>
    </div>
  </div>
</section>
`;
