// Jest Snapshot v1, https://goo.gl/fbAQLP

exports[` Desktop should render successfully 1`] = `
<body>
  <div>
    <div
      class="w-auto"
    >
      <ul
        class="flex items-center space-x-10"
      >
        <li>
          <a
            class="text-lg font-medium text-gray-700 transition duration-150 ease-in-out hover:text-black"
            href="/world"
          >
            Hello
          </a>
        </li>
      </ul>
    </div>
  </div>
</body>
`;
