// Jest Snapshot v1, https://goo.gl/fbAQLP

exports[`Line renders correctly 1`] = `
<div>
  <h1>
    Welcome to Line!
  </h1>
</div>
`;
