// Jest Snapshot v1, https://goo.gl/fbAQLP

exports[`Button should render successfully 1`] = `
<body>
  <div>
    <button
      class="focus:outline-none  text-gray-900 hover:text-gray-800 bg-gray-200 hover:bg-gray-300"
    >
      <div
        class="flex items-center justify-center px-4 py-2 space-x-2 font-medium"
      >
        <span />
        <span>
          Label
        </span>
        <span />
      </div>
    </button>
  </div>
</body>
`;
