// Jest Snapshot v1, https://goo.gl/fbAQLP

exports[`Button Stories primaryshould match snapshot 1`] = `
<body>
  <div>
    <div
      class="px-3 py-2 whitespace-no-wrap"
    >
      <button
        class="text-sm font-medium leading-5 text-indigo-600 hover:text-indigo-900"
      >
        Label
      </button>
    </div>
  </div>
</body>
`;
