// Jest Snapshot v1, https://goo.gl/fbAQLP

exports[` Navbar renders correctly 1`] = `
<nav
  className="container flex flex-wrap items-center justify-between p-4 mx-auto md:flex-no-wrap"
  role="navigation"
>
  <a
    href="/"
    onClick={[Function]}
    onMouseEnter={[Function]}
  >
    <span>
      I am a logo
    </span>
  </a>
  <div
    className="md:hidden"
  >
    <button
      aria-label="home"
      className="p-2 text-gray-400 hover:text-gray-900 focus:outline-none"
      data-testid="toggle"
      onClick={[Function]}
    >
      <svg
        className="w-6 h-6"
        fill="none"
        stroke="currentColor"
        viewBox="0 0 24 24"
      >
        <path
          d="M4 6h16M4 12h16M4 18h16"
          strokeLinecap="round"
          strokeLinejoin="round"
          strokeWidth="2"
        />
      </svg>
    </button>
  </div>
  <section
    className="hidden w-auto md:block"
  >
    <ul
      className="flex items-center space-x-10"
      data-testid="desktopNavbar"
    >
      <li>
        <a
          className="text-lg font-medium text-gray-700 transition duration-150 ease-in-out hover:text-black"
          href="/"
          onClick={[Function]}
          onMouseEnter={[Function]}
        >
          Product
        </a>
      </li>
      <li>
        <a
          className="text-lg font-medium text-gray-700 transition duration-150 ease-in-out hover:text-black"
          href="/"
          onClick={[Function]}
          onMouseEnter={[Function]}
        >
          Features
        </a>
      </li>
      <li>
        <a
          className="text-lg font-medium text-gray-700 transition duration-150 ease-in-out hover:text-black"
          href="/"
          onClick={[Function]}
          onMouseEnter={[Function]}
        >
          About us
        </a>
      </li>
      <li>
        <a
          className="text-lg font-medium text-gray-700 transition duration-150 ease-in-out hover:text-black"
          href="/"
          onClick={[Function]}
          onMouseEnter={[Function]}
        >
          Documentation
        </a>
      </li>
    </ul>
  </section>
</nav>
`;
