// Jest Snapshot v1, https://goo.gl/fbAQLP

exports[` NavbarLink renders correctly 1`] = `
<a
  className="text-lg font-medium text-gray-700 transition duration-150 ease-in-out hover:text-black"
  href="/"
  onClick={[Function]}
  onMouseEnter={[Function]}
>
  Product
</a>
`;
