// Jest Snapshot v1, https://goo.gl/fbAQLP

exports[`CodeExample renders correctly 1`] = `
<body>
  <div>
    <div
      class="shadow-lg"
    >
      <nav
        class="flex items-center justify-start px-4 space-x-4 border border-gray-500 rounded-t"
      >
        <button
          class="py-3 mr-8 text-xs font-semibold tracking-wide no-underline uppercase focus:outline-none hover:text-gray-900 text-gray-900 "
          data-testid="selectLanguage"
        >
          javascript
        </button>
      </nav>
      <div
        class="px-4 overflow-x-visible overflow-y-hidden bg-gray-900 rounded-b"
      >
        <pre
          class="font-mono"
          data-testid="syntaxHighlighter"
          style="font-size: 14px; line-height: 1.375; direction: ltr; text-align: left; white-space: pre; word-spacing: normal; word-break: normal; tab-size: 4; hyphens: none; color: rgb(203, 213, 224); padding: 1em; margin: .5em 0px; overflow: auto;"
        >
          <code
            class="language-javascript"
            style="font-size: 14px; line-height: 1.375; direction: ltr; text-align: left; white-space: pre; word-spacing: normal; word-break: normal; tab-size: 4; hyphens: none; color: rgb(203, 213, 224);"
          >
            const x = 1;
          </code>
        </pre>
      </div>
    </div>
  </div>
</body>
`;
