// Jest Snapshot v1, https://goo.gl/fbAQLP

exports[`Row Stories primaryshould match snapshot 1`] = `
<body>
  <div>
    <tr>
      <td
        class="px-6 py-4 text-sm leading-5 text-gray-900 whitespace-no-wrap"
      >
        Hello
      </td>
      <td
        class="px-6 py-4 text-sm leading-5 text-gray-900 whitespace-no-wrap"
      >
        World
      </td>
    </tr>
  </div>
</body>
`;
