// Jest Snapshot v1, https://goo.gl/fbAQLP

exports[`File should render successfully 1`] = `
<body>
  <div>
    <div>
      <div
        class="flex"
      >
        <div
          class="sticky top-0 flex flex-shrink-0 min-h-screen"
        >
          <div
            style="width: 320px;"
          >
            <div
              class="relative"
            >
              <div
                class="absolute border-r border-gray-300"
              >
                <nav
                  class="relative flex flex-col justify-between min-h-screen pt-12 bg-gray-200"
                  style="width: 80px;"
                >
                  <div>
                    <a
                      class="flex items-center justify-center w-12 h-12 m-4 focus:outline-none"
                      href="/"
                    >
                      <svg
                        class="w-10 h-10 stroke-current text-data-500"
                        fill="none"
                        viewBox="0 0 194 148"
                        xmlns="http://www.w3.org/2000/svg"
                      >
                        <path
                          d="M9 106.208L97.3883 17.8199L134.158 54.5894M185.07 41.8615L96.6814 130.25L59.9118 93.4803"
                          stroke-width="25"
                        />
                      </svg>
                    </a>
                    <div
                      class="mt-12"
                    >
                      <a
                        class="relative flex items-center h-12 m-4 text-gray-600 rounded focus:outline-none   hover:bg-data-400 hover:text-white cursor-pointer"
                        href="/factor/3"
                      >
                        <span
                          class="flex items-center justify-center w-12"
                        >
                          <svg
                            class="w-6 h-6 trending-up"
                            fill="none"
                            stroke="currentColor"
                            viewBox="0 0 24 24"
                          >
                            <path
                              d="M13 7h8m0 0v8m0-8l-8 8-4-4-6 6"
                              stroke-linecap="round"
                              stroke-linejoin="round"
                              stroke-width="2"
                            />
                          </svg>
                        </span>
                      </a>
                      <div
                        class="relative flex items-center h-12 m-4 text-gray-600 rounded focus:outline-none   hover:text-gray-500"
                      >
                        <span
                          class="flex items-center justify-center w-12"
                        >
                          <svg
                            class="w-6 h-6 globe-alt"
                            fill="none"
                            stroke="currentColor"
                            viewBox="0 0 24 24"
                          >
                            <path
                              d="M21 12a9 9 0 01-9 9m9-9a9 9 0 00-9-9m9 9H3m9 9a9 9 0 01-9-9m9 9c1.657 0 3-4.03 3-9s-1.343-9-3-9m0 18c-1.657 0-3-4.03-3-9s1.343-9 3-9m-9 9a9 9 0 019-9"
                              stroke-linecap="round"
                              stroke-linejoin="round"
                              stroke-width="2"
                            />
                          </svg>
                        </span>
                      </div>
                      <div
                        class="relative flex items-center h-12 m-4 text-gray-600 rounded focus:outline-none   hover:text-gray-500"
                      >
                        <span
                          class="flex items-center justify-center w-12"
                        >
                          <svg
                            class="w-6 h-6 chip"
                            fill="none"
                            stroke="currentColor"
                            viewBox="0 0 24 24"
                          >
                            <path
                              d="M9 3v2m6-2v2M9 19v2m6-2v2M5 9H3m2 6H3m18-6h-2m2 6h-2M7 19h10a2 2 0 002-2V7a2 2 0 00-2-2H7a2 2 0 00-2 2v10a2 2 0 002 2zM9 9h6v6H9V9z"
                              stroke-linecap="round"
                              stroke-linejoin="round"
                              stroke-width="2"
                            />
                          </svg>
                        </span>
                      </div>
                      <div
                        class="relative flex items-center h-12 m-4 text-gray-600 rounded focus:outline-none   hover:text-gray-500"
                      >
                        <span
                          class="flex items-center justify-center w-12"
                        >
                          <svg
                            class="w-6 h-6 currency-dollar"
                            fill="none"
                            stroke="currentColor"
                            viewBox="0 0 24 24"
                          >
                            <path
                              d="M12 8c-1.657 0-3 .895-3 2s1.343 2 3 2 3 .895 3 2-1.343 2-3 2m0-8c1.11 0 2.08.402 2.599 1M12 8V7m0 1v8m0 0v1m0-1c-1.11 0-2.08-.402-2.599-1M21 12a9 9 0 11-18 0 9 9 0 0118 0z"
                              stroke-linecap="round"
                              stroke-linejoin="round"
                              stroke-width="2"
                            />
                          </svg>
                        </span>
                      </div>
                      <div
                        class="relative flex items-center h-12 m-4 text-gray-600 rounded focus:outline-none   hover:text-gray-500"
                      >
                        <span
                          class="flex items-center justify-center w-12"
                        >
                          <svg
                            class="w-6 h-6 library"
                            fill="none"
                            stroke="currentColor"
                            viewBox="0 0 24 24"
                          >
                            <path
                              d="M8 14v3m4-3v3m4-3v3M3 21h18M3 10h18M3 7l9-4 9 4M4 10h16v11H4V10z"
                              stroke-linecap="round"
                              stroke-linejoin="round"
                              stroke-width="2"
                            />
                          </svg>
                        </span>
                      </div>
                    </div>
                  </div>
                  <div>
                    <div
                      class="relative flex items-center h-12 m-4 text-gray-600 rounded focus:outline-none   hover:bg-data-400 hover:text-white cursor-pointer"
                    >
                      <span
                        class="flex items-center justify-center w-12"
                      >
                        <svg
                          class="w-6 h-6"
                          fill="none"
                          stroke="currentColor"
                          viewBox="0 0 24 24"
                          xmlns="http://www.w3.org/2000/svg"
                        >
                          <path
                            d="M14 5l7 7m0 0l-7 7m7-7H3"
                            stroke-linecap="round"
                            stroke-linejoin="round"
                            stroke-width="2"
                          />
                        </svg>
                      </span>
                    </div>
                    <div
                      class="relative flex items-center h-12 m-4 text-gray-600 rounded focus:outline-none   hover:text-gray-500"
                    >
                      <span
                        class="flex items-center justify-center w-12"
                      >
                        <svg
                          class="w-6 h-6"
                          fill="none"
                          stroke="currentColor"
                          viewBox="0 0 24 24"
                          xmlns="http://www.w3.org/2000/svg"
                        >
                          <path
                            d="M12 6V4m0 2a2 2 0 100 4m0-4a2 2 0 110 4m-6 8a2 2 0 100-4m0 4a2 2 0 110-4m0 4v2m0-6V4m6 6v10m6-2a2 2 0 100-4m0 4a2 2 0 110-4m0 4v2m0-6V4"
                            stroke-linecap="round"
                            stroke-linejoin="round"
                            stroke-width="2"
                          />
                        </svg>
                      </span>
                    </div>
                  </div>
                </nav>
              </div>
              <div
                class=""
              >
                <div
                  class="flex flex-col justify-between min-h-screen px-4 py-4 ml-20 bg-white border-r border-gray-300"
                >
                  <div
                    class="flex flex-col space-y-8"
                  >
                    <div>
                      <span
                        class="flex my-4 text-sm font-medium text-gray-600 uppercase"
                      >
                        Builder
                      </span>
                      <a
                        aria-label="API"
                        class="flex items-center p-2 text-gray-800 rounded-lg hover:bg-gray-100"
                        href="/factor/api"
                      >
                        <span
                          class="flex items-center justify-center text-lg text-gray-400"
                        >
                          <svg
                            class="w-6 h-6 code"
                            fill="none"
                            stroke="currentColor"
                            viewBox="0 0 24 24"
                          >
                            <path
                              d="M10 20l4-16m4 4l4 4-4 4M6 16l-4-4 4-4"
                              stroke-linecap="round"
                              stroke-linejoin="round"
                              stroke-width="2"
                            />
                          </svg>
                        </span>
                        <div
                          class="flex items-center justify-between space-x-1"
                        >
                          <span
                            class="ml-3"
                          >
                            API
                          </span>
                        </div>
                      </a>
                      <a
                        aria-label="File Download"
                        class="flex items-center p-2 text-gray-800 rounded-lg hover:bg-gray-100"
                        href="/factor/file"
                      >
                        <span
                          class="flex items-center justify-center text-lg text-gray-400"
                        >
                          <svg
                            class="w-6 h-6 cloud-download"
                            fill="none"
                            stroke="currentColor"
                            viewBox="0 0 24 24"
                          >
                            <path
                              d="M7 16a4 4 0 01-.88-7.903A5 5 0 1115.9 6L16 6a5 5 0 011 9.9M9 19l3 3m0 0l3-3m-3 3V10"
                              stroke-linecap="round"
                              stroke-linejoin="round"
                              stroke-width="2"
                            />
                          </svg>
                        </span>
                        <div
                          class="flex items-center justify-between space-x-1"
                        >
                          <span
                            class="ml-3"
                          >
                            File Download
                          </span>
                        </div>
                      </a>
                      <a
                        aria-label="Charts"
                        class="flex items-center p-2 text-gray-800 rounded-lg hover:bg-gray-100"
                        href="/factor/chart"
                      >
                        <span
                          class="flex items-center justify-center text-lg text-gray-400"
                        >
                          <svg
                            class="w-6 h-6 chart-square-bar"
                            fill="none"
                            stroke="currentColor"
                            viewBox="0 0 24 24"
                          >
                            <path
                              d="M16 8v8m-4-5v5m-4-2v2m-2 4h12a2 2 0 002-2V6a2 2 0 00-2-2H6a2 2 0 00-2 2v12a2 2 0 002 2z"
                              stroke-linecap="round"
                              stroke-linejoin="round"
                              stroke-width="2"
                            />
                          </svg>
                        </span>
                        <div
                          class="flex items-center justify-between space-x-1"
                        >
                          <span
                            class="ml-3"
                          >
                            Charts
                          </span>
                          <span
                            class="flex items-center justify-center px-1 text-xs uppercase bg-opacity-25 rounded bg-data-400 text-data-700"
                          >
                            coming soon
                          </span>
                        </div>
                      </a>
                    </div>
                    <div>
                      <span
                        class="flex my-4 text-sm font-medium text-gray-600 uppercase"
                      >
                        Factor Models
                      </span>
                      <a
                        aria-label="Quickstart"
                        class="flex items-center p-2 text-gray-800 rounded-lg hover:bg-gray-100"
                        href="/notImlemented"
                      >
                        <span
                          class="flex items-center justify-center text-lg text-gray-400"
                        >
                          <svg
                            class="w-6 h-6"
                            fill="none"
                            stroke="currentColor"
                            viewBox="0 0 24 24"
                            xmlns="http://www.w3.org/2000/svg"
                          >
                            <path
                              d="M15 12a3 3 0 11-6 0 3 3 0 016 0z"
                              stroke-linecap="round"
                              stroke-linejoin="round"
                              stroke-width="2"
                            />
                            <path
                              d="M2.458 12C3.732 7.943 7.523 5 12 5c4.478 0 8.268 2.943 9.542 7-1.274 4.057-5.064 7-9.542 7-4.477 0-8.268-2.943-9.542-7z"
                              stroke-linecap="round"
                              stroke-linejoin="round"
                              stroke-width="2"
                            />
                          </svg>
                        </span>
                        <div
                          class="flex items-center justify-between space-x-1"
                        >
                          <span
                            class="ml-3"
                          >
                            Quickstart
                          </span>
                          <span
                            class="flex items-center justify-center px-1 text-xs uppercase bg-opacity-25 rounded bg-data-400 text-data-700"
                          >
                            WIP
                          </span>
                        </div>
                      </a>
                      <a
                        aria-label="Example USA"
                        class="flex items-center p-2 text-gray-800 rounded-lg hover:bg-gray-100"
                        href="/notImplemented"
                      >
                        <span
                          class="flex items-center justify-center text-lg text-gray-400"
                        >
                          <svg
                            class="w-6 h-6"
                            fill="none"
                            stroke="currentColor"
                            viewBox="0 0 24 24"
                            xmlns="http://www.w3.org/2000/svg"
                          >
                            <path
                              d="M13.828 10.172a4 4 0 00-5.656 0l-4 4a4 4 0 105.656 5.656l1.102-1.101m-.758-4.899a4 4 0 005.656 0l4-4a4 4 0 00-5.656-5.656l-1.1 1.1"
                              stroke-linecap="round"
                              stroke-linejoin="round"
                              stroke-width="2"
                            />
                          </svg>
                        </span>
                        <div
                          class="flex items-center justify-between space-x-1"
                        >
                          <span
                            class="ml-3"
                          >
                            Example USA
                          </span>
                          <span
                            class="flex items-center justify-center px-1 text-xs uppercase bg-opacity-25 rounded bg-data-400 text-data-700"
                          >
                            WIP
                          </span>
                        </div>
                      </a>
                    </div>
                    <div>
                      <span
                        class="flex my-4 text-sm font-medium text-gray-600 uppercase"
                      >
                        Learn more
                      </span>
                      <a
                        aria-label="Documentation"
                        class="flex items-center p-2 text-gray-800 rounded-lg hover:bg-gray-100"
                        href="https://docs.perfol.io/"
                      >
                        <span
                          class="flex items-center justify-center text-lg text-gray-400"
                        >
                          <svg
                            class="w-6 h-6"
                            fill="none"
                            stroke="currentColor"
                            viewBox="0 0 24 24"
                            xmlns="http://www.w3.org/2000/svg"
                          >
                            <path
                              d="M12 6.253v13m0-13C10.832 5.477 9.246 5 7.5 5S4.168 5.477 3 6.253v13C4.168 18.477 5.754 18 7.5 18s3.332.477 4.5 1.253m0-13C13.168 5.477 14.754 5 16.5 5c1.747 0 3.332.477 4.5 1.253v13C19.832 18.477 18.247 18 16.5 18c-1.746 0-3.332.477-4.5 1.253"
                              stroke-linecap="round"
                              stroke-linejoin="round"
                              stroke-width="2"
                            />
                          </svg>
                        </span>
                        <div
                          class="flex items-center justify-between space-x-1"
                        >
                          <span
                            class="ml-3"
                          >
                            Documentation
                          </span>
                        </div>
                      </a>
                    </div>
                  </div>
                  <div
                    class="pt-3 border-t border-gray-300"
                  >
                    <a
                      aria-label="Request feature"
                      class="flex items-center p-2 text-gray-800 rounded-lg hover:bg-gray-100"
                      href="mailto:request@perfol.io"
                    >
                      <span
                        class="flex items-center justify-center text-lg text-gray-400"
                      >
                        <svg
                          class="w-6 h-6 text-data-400"
                          fill="none"
                          stroke="currentColor"
                          viewBox="0 0 24 24"
                        >
                          <path
                            d="M9.663 17h4.673M12 3v1m6.364 1.636l-.707.707M21 12h-1M4 12H3m3.343-5.657l-.707-.707m2.828 9.9a5 5 0 117.072 0l-.548.547A3.374 3.374 0 0014 18.469V19a2 2 0 11-4 0v-.531c0-.895-.356-1.754-.988-2.386l-.548-.547z"
                            stroke-linecap="round"
                            stroke-linejoin="round"
                            stroke-width="2"
                          />
                        </svg>
                      </span>
                      <div
                        class="flex items-center justify-between space-x-1"
                      >
                        <span
                          class="ml-3"
                        >
                          Request feature
                        </span>
                      </div>
                    </a>
                  </div>
                </div>
              </div>
            </div>
          </div>
        </div>
        <div
          class="w-full min-h-screen"
        >
          <div
            class="w-full h-20"
          >
            <ul
              class="flex items-center justify-between h-full px-4"
            >
              <li
                class="text-gray-700 "
              >
                <div
                  class="flex items-center space-x-2"
                >
                  <span>
                    <span
                      class="text-gray-700"
                    >
                      Data
                    </span>
                  </span>
                  <span>
                    <span
                      class="font-thin text-gray-700"
                    >
                      /
                    </span>
                  </span>
                  <span>
                    <span
                      class="text-gray-700"
                    >
                      Builder
                    </span>
                  </span>
                  <span>
                    <span
                      class="font-thin text-gray-700"
                    >
                      /
                    </span>
                  </span>
                  <span>
                    <span
                      class="font-medium text-data-700"
                    >
                      File
                    </span>
                  </span>
                </div>
              </li>
              <li>
                <ul
                  class="flex items-center justify-between space-x-16"
                >
                  <li>
                    <a
                      href="/docs"
                    >
                      <div
                        class="focus:outline-none transition duration-200 text-gray-800 hover:text-gray-700   "
                      >
                        <div
                          class="flex items-center justify-center px-4 py-2 space-x-2 rounded-sm"
                        >
                          <span>
                            Documentation
                          </span>
                        </div>
                      </div>
                    </a>
                  </li>
                  <li>
                    <div
                      class="relative"
                    >
                      <button
                        aria-haspopup="true"
                        class="focus:outline-none"
                        id="headlessui-menu-button-1"
                        type="button"
                      >
                        <div
                          class="flex flex-col items-end w-40 rounded hover:text-data-800 hover:font-semibold"
                        >
                          <span>
                            Vin Venture
                          </span>
                          <span
                            class="text-xs font-semibold text-data-700"
                          >
                            Premium
                          </span>
                        </div>
                      </button>
                    </div>
                  </li>
                </ul>
              </li>
            </ul>
          </div>
          <main
            class="h-full pt-20 -mt-20 "
          >
            <div
              class="h-full bg-gray-100 border-t border-gray-300"
            >
              <div
                class="p-8 space-y-4"
              >
                <div
                  class="flex items-center justify-between"
                >
                  <h3
                    class="text-lg font-semibold text-gray-800"
                  >
                    Build your custom file
                  </h3>
                  <div
                    class="flex items-center space-x-6"
                  >
                    <span
                      class=" rounded-full bg-data-700 border-4 w-4 h-4 border-data-400"
                    />
                    <span
                      class=" rounded-full w-2 h-2 bg-gray-400"
                    />
                    <span
                      class=" rounded-full w-2 h-2 bg-gray-400"
                    />
                    <span
                      class=" rounded-full w-2 h-2 bg-gray-400"
                    />
                    <span
                      class=" rounded-full w-2 h-2 bg-gray-400"
                    />
                  </div>
                </div>
                <div
                  class="space-y-4"
                >
                  <div
                    class="flex flex-col p-3 bg-white border border-gray-300 rounded md:flex-row md:items-center md:justify-between hover:border-data-500"
                    style="opacity: 0; transform: translateY(20px) translateZ(0);"
                  >
                    <div
                      class="md:w-2/3"
                    >
                      <div
                        class="flex items-center justify-start space-x-3"
                      >
                        <h3
                          class="text-2xl font-extrabold text-gray-900"
                        >
                          Model
                        </h3>
                      </div>
                      <p
                        class="text-sm text-gray-700 "
                        style="opacity: 0; height: 0px; transform: translateY(-10px) translateZ(0);"
                      >
                        Quisque ultrices odio ut tellus congue, scelerisque egestas augue accumsan.
                      </p>
                    </div>
                    <div
                      class="w-full mt-4 md:w-1/3 md:mt-0"
                    >
                      <div
                        class="relative w-full"
                      >
                        <button
                          aria-haspopup="true"
                          aria-label="Model"
                          class="w-full p-2 text-left transition duration-150 ease-in-out bg-white border  rounded-sm cursor-default hover:border-data-400 focus:outline-none focus:shadow-outline-blue sm:text-sm sm:leading-5 border-data-500"
                          id="headlessui-menu-button-2"
                          type="button"
                        >
                          <input
                            aria-label="label"
                            class="truncate cursor-pointer focus:outline-none"
                            readonly=""
                            value=""
                          />
                          <span
                            class="absolute inset-y-0 right-0 flex items-center pr-2 pointer-events-none"
                          >
                            <svg
                              class="w-5 h-5 text-gray-400"
                              fill="none"
                              stroke="currentColor"
                              viewBox="0 0 20 20"
                            >
                              <path
                                d="M7 7l3-3 3 3m0 6l-3 3-3-3"
                                stroke-linecap="round"
                                stroke-linejoin="round"
                                stroke-width="1.5"
                              />
                            </svg>
                          </span>
                        </button>
                      </div>
                    </div>
                  </div>
                </div>
              </div>
            </div>
          </main>
        </div>
      </div>
    </div>
  </div>
</body>
`;
