// Jest Snapshot v1, https://goo.gl/fbAQLP

exports[`SimpleTable should match snapshot 1`] = `
<body>
  <div>
    <div
      class="flex flex-col "
    >
      <div
        class="-my-2 overflow-x-auto sm:-mx-6 lg:-mx-8"
      >
        <div
          class="inline-block min-w-full py-2 align-middle sm:px-6 lg:px-8"
        >
          <div
            class="overflow-hidden border border-gray-300 sm:rounded"
          >
            <table
              class="min-w-full "
            >
              <thead>
                <tr>
                  <th
                    class="
                text-left
                px-6 py-4 text-xs font-medium leading-4 tracking-wider text-gray-700 uppercase bg-gray-100"
                  >
                    name
                  </th>
                  <th
                    class="
                text-right
                px-6 py-4 text-xs font-medium leading-4 tracking-wider text-gray-700 uppercase bg-gray-100"
                  >
                    age
                  </th>
                </tr>
              </thead>
              <tbody
                class="bg-white divide-y divide-gray-200"
              >
                <tr>
                  <td
                    class="text-left"
                  >
                    <div
                      class="px-6 py-4 whitespace-no-wrap"
                    >
                      <span
                        class="text-sm leading-5 text-right text-gray-900"
                      >
                        Hello
                      </span>
                    </div>
                  </td>
                  <td
                    class="text-right"
                  >
                    <div
                      class="px-6 py-4 whitespace-no-wrap"
                    >
                      <span
                        class="text-sm leading-5 text-right text-gray-900"
                      >
                        1
                      </span>
                    </div>
                  </td>
                </tr>
                <tr>
                  <td
                    class="text-left"
                  >
                    <div
                      class="px-6 py-4 whitespace-no-wrap"
                    >
                      <span
                        class="text-sm leading-5 text-right text-gray-900"
                      >
                        World
                      </span>
                    </div>
                  </td>
                  <td
                    class="text-right"
                  >
                    <div
                      class="px-6 py-4 whitespace-no-wrap"
                    >
                      <span
                        class="text-sm leading-5 text-right text-gray-900"
                      >
                        2
                      </span>
                    </div>
                  </td>
                </tr>
                <tr>
                  <td
                    class="text-left"
                  >
                    <div
                      class="px-6 py-4 whitespace-no-wrap"
                    >
                      <span
                        class="text-sm leading-5 text-right text-gray-900"
                      >
                        Bruce
                      </span>
                    </div>
                  </td>
                  <td
                    class="text-right"
                  >
                    <div
                      class="px-6 py-4 whitespace-no-wrap"
                    >
                      <span
                        class="text-sm leading-5 text-right text-gray-900"
                      >
                        3
                      </span>
                    </div>
                  </td>
                </tr>
                <tr>
                  <td
                    class="text-left"
                  >
                    <div
                      class="px-6 py-4 whitespace-no-wrap"
                    >
                      <span
                        class="text-sm leading-5 text-right text-gray-900"
                      >
                        Wayne
                      </span>
                    </div>
                  </td>
                  <td
                    class="text-right"
                  >
                    <div
                      class="px-6 py-4 whitespace-no-wrap"
                    >
                      <span
                        class="text-sm leading-5 text-right text-gray-900"
                      >
                        4
                      </span>
                    </div>
                  </td>
                </tr>
              </tbody>
            </table>
          </div>
        </div>
      </div>
    </div>
  </div>
</body>
`;
