// Jest Snapshot v1, https://goo.gl/fbAQLP

exports[`Dropdown Stories primary should match snapshot 1`] = `
<body>
  <div>
    <div
      class="relative"
    >
      <button
        aria-haspopup="true"
        class="focus:outline-none"
        id="headlessui-menu-button-1"
        type="button"
      >
        Open
      </button>
    </div>
  </div>
</body>
`;
